Deploy Bot-Schutz §1.3 — 08.10.2026 20:01
Modus: Trockenlauf (nichts wird geaendert)
Ziel: sun:/home/sanitaerfinden/htdocs/sanitaerfinden.dev

=== Vorbedingungen ===
  [x] B2: Bot-Schutz liegt auf origin/main (a0bc8016)
  [-] Produktion steht auf f5fa66ed, Ziel a0bc8016
  [x] B1: sechs Schluesselwerte stehen in der .env
  [x] B1: kein Testschluessel in der .env
  [x] Keine geaenderte verfolgte Datei in Produktion (3 unverfolgte Pfade, unkritisch)
  [x] 4416 GB frei unter /home
  [!] Naechtliche Sicherung deckt nur 14 von 24 lebenden Datenbanken.
      Das Skript dumpt deshalb in Schritt 3 selbst — ohne --ohne-dump kein Blocker.
  Alle Vorbedingungen erfuellt.

=== 1. Notbremse und CSP vorziehen (vor dem ersten config:cache) ===
  [Trockenlauf] Sicherung der .env
                root: cp -p .env .env.bak-36-20261008-200119
  [Trockenlauf] TURNSTILE_ENABLED=false und CSP_MODE=report setzen
                root: for z in TURNSTILE_ENABLED=false CSP_MODE=report; do k=${z%%=*}; grep -v "^${k}=" .env > .env.neu; printf '%s\n' "$z" >> .env.neu; cat .env.neu > .env; rm -f .env.neu; done; chown sanitaerfinden:sanitaerfinden .env; grep -E '^TURNSTILE_ENABLED|^CSP_MODE' .env
  [Trockenlauf] Config-Cache neu bauen
                app: /usr/bin/php8.4 artisan config:clear && /usr/bin/php8.4 artisan config:cache
  [Trockenlauf] PHP-FPM nachladen (ohne das wirkt die .env im Web nicht)
                root: systemctl reload php8.5-fpm

=== 2. Codestand ===
  [Trockenlauf] git pull --ff-only als root (nur root hat den GitHub-Schluessel)
                root: git pull --ff-only && git log --oneline -1
  [Trockenlauf] Eigentuemer zuruecksetzen
                root: chown -R sanitaerfinden:sanitaerfinden /home/sanitaerfinden/htdocs/sanitaerfinden.dev
  [Trockenlauf] composer install --no-dev -o
                app: composer install --no-dev -o --no-interaction

=== 3. Eigener Dump vor den Migrationen ===
  -> zentrale und alle Portal-Datenbanken nach storage/app/backups/golive-36/20261008-200119/
     [Trockenlauf] mariadb-dump je Datenbank (zentral + alle tenant_%), gzip -1

=== 4. Assets ===
  [Trockenlauf] Eigentuemer von public/build und node_modules
                root: chown -R sanitaerfinden:sanitaerfinden public/build node_modules 2>/dev/null || true
  [Trockenlauf] npm ci (neue Abhaengigkeiten, nie als root)
                app: npm ci --no-audit --no-fund
  [Trockenlauf] npm run build — public/build ist nicht versioniert, resources/js/turnstile.js kommt aus dem Build
                app: npm run build
  Hinweis: haengt der Build auf dem Server (2026 schon vorgekommen, > 10 min bei
  'transforming'), lokal auf demselben Commit bauen und hochschieben:
    npm run build && rsync -az public/build/ sun:/home/sanitaerfinden/htdocs/sanitaerfinden.dev/public/build/
    ssh sun 'chown -R sanitaerfinden:sanitaerfinden /home/sanitaerfinden/htdocs/sanitaerfinden.dev/public/build'
  Prozesse nie mit 'pkill -f "vite build"' beenden, das trifft die eigene
  SSH-Sitzung — Muster '[v]ite build' verwenden.

=== 5. Migrationen und Seeder ===
  [Trockenlauf] migrate --force (zentral)
                app: /usr/bin/php8.4 artisan migrate --force
  [Trockenlauf] tenants:migrate --force (23 Portale)
                app: /usr/bin/php8.4 artisan tenants:migrate --force
  [Trockenlauf] TenantTurnstileSettingSeeder (erwartet 23 angelegt)
                app: /usr/bin/php8.4 artisan db:seed --class=TenantTurnstileSettingSeeder --force
  [Trockenlauf] Datenschutz-Backfill, erst trocken
                app: /usr/bin/php8.4 artisan tenants:datenschutz:turnstile-backfill
  [Trockenlauf] Datenschutz-Backfill schreibend
                app: /usr/bin/php8.4 artisan tenants:datenschutz:turnstile-backfill --write

=== 6. Caches und Dienste ===
  [Trockenlauf] config:cache, route:clear, view:clear, filament:optimize
                app: /usr/bin/php8.4 artisan config:clear && /usr/bin/php8.4 artisan config:cache && /usr/bin/php8.4 artisan route:clear && /usr/bin/php8.4 artisan view:clear && /usr/bin/php8.4 artisan filament:optimize
  [Trockenlauf] PHP-FPM nachladen
                root: systemctl reload php8.5-fpm
  [Trockenlauf] Queue und Horizon durchstarten
                app: /usr/bin/php8.4 artisan queue:restart && /usr/bin/php8.4 artisan horizon:terminate
  [Trockenlauf] Horizon-Dienst
                root: supervisorctl restart sanitaerfinden-horizon

=== Fertig ===
Trockenlauf beendet, nichts geaendert. Mit --los ausfuehren.
Protokoll: docs/messungen/turnstile-golive/deploy-20261008-200119.log
Stand jederzeit: scripts/turnstile-golive-stand.sh
